Qualification image: sha256:dbdc64cb31b0c2bc1a0bbd5eaa4e5a91a1539333123547cc6de9b08c426bf6c1 (local, unpublished), runtime 01c67936a364009ff6b42e8bd10a01628d1e7078.
(APIServer pid=1) INFO 09-04 22:30:41 [model.py:684] Resolved architecture: DFlash2DraftModel.
Engine configuration: target revision 378ca54585c46542bad1f3cb3ed0d73ae51cdb62, draft revision aea0ac8a05624512ca9e106c09c16087da998426, tensor parallel 3, data parallel 1, decode-context parallel 1, DFlash2 depth 7, target attention B12X, and draft attention FLASH_ATTN.
(Worker pid=517) INFO 09-04 22:30:59 [b12x_pcie_all_reduce.py:244] Using B12X PCIe all-reduce (algorithm=oneshot, one-shot max=86016, fused max=86016, two-shot bf16 max=off, DMA min=6291456).
(Worker pid=517) INFO 09-04 22:30:59 [cuda_communicator.py:318] Using ['B12X_PCIE', 'PYNCCL'] all-reduce backends (in dispatch order) for group 'tp:0'.
(Worker pid=517) INFO 09-04 22:30:59 [cuda_communicator.py:318] Using ['PYNCCL'] all-reduce backends (in dispatch order) for group 'ep:0'.
(Worker_TP0_EP0 pid=517) INFO 09-04 22:31:01 [nvfp4.py:304] Using 'FLASHINFER_CUTLASS' NvFp4 MoE backend.
(Worker_TP0_EP0 pid=517) INFO 09-04 22:41:46 [__init__.py:869] Using B12xMxfp8LinearKernel for MXFP8 GEMM.
(Worker_TP0_EP0 pid=517) INFO 09-04 22:41:48 [qwen3_dflash.py:701] Using B12xMxfp8LinearKernel for the fused DFlash context K/V projection.
(Worker_TP2_EP2 pid=519) INFO 09-04 22:41:49 [model_runner.py:410] Model loading took 61.74 GiB memory and 650.187667 seconds.
(Worker_TP1_EP1 pid=518) INFO 09-04 22:41:49 [model_runner.py:410] Model loading took 61.74 GiB memory and 650.188999 seconds.
(Worker_TP0_EP0 pid=517) INFO 09-04 22:41:49 [model_runner.py:410] Model loading took 61.74 GiB memory and 650.194891 seconds.
(Worker_TP0_EP0 pid=517) INFO 09-04 22:41:49 [utils.py:118] GLM53_R17_TP3_RUNTIME_PROOF {"collective_backend":"b12x_pcie_oneshot","expert_parallel_size":3,"kda_decode_backend":"b12x","kda_prefill_backend":"flashkda","mm_encoder_tp_mode":"weights"}.
(Worker_TP0_EP0 pid=517) INFO 09-04 22:42:11 [speculator.py:141] Capturing model for DFlash2 speculator.
(Worker_TP0_EP0 pid=517) INFO 09-04 22:42:15 [model_runner.py:993] Graph capturing finished in 8 secs, took 0.42 GiB.
(EngineCore pid=500) INFO 09-04 22:42:16 [kv_cache_utils.py:2205] GPU KV cache size: 2,082,512 tokens, Maximum concurrency for 1,048,576 tokens per request: 1.99x.
(APIServer pid=1) INFO: Application startup complete.
Text smoke: response content was exactly `TP3 DFlash2 release works`; finish reason `stop`.
Vision smoke: a generated red PNG was identified as exactly `Red`; finish reason `stop`.
Concurrency smoke: 8/8 simultaneous requests returned exactly `99`.
Natural-context retrieval: the tokenizer reported 1,000,019 tokens; the chat request used 1,000,031 prompt tokens and returned exactly `ORCHID-7319`; finish reason `stop`; elapsed 198.20 seconds.
Cleanup: the qualification container exited with status 0 and was removed.
